// Jest Snapshot v1, https://goo.gl/fbAQLP

exports[`GenresList component renders correctly 1`] = `
<div
  className="wrap"
>
  <h2>
    Please select category that you like
  </h2>
  <div
    className="category-wrapper"
  >
    <Link
      key="28"
      to="/genre/28"
    >
      <p
        className="genre-p"
      >
        Action
      </p>
    </Link>
    <Link
      key="12"
      to="/genre/12"
    >
      <p
        className="genre-p"
      >
        Adventure
      </p>
    </Link>
    <Link
      key="16"
      to="/genre/16"
    >
      <p
        className="genre-p"
      >
        Animation
      </p>
    </Link>
    <Link
      key="35"
      to="/genre/35"
    >
      <p
        className="genre-p"
      >
        Comedy
      </p>
    </Link>
    <Link
      key="80"
      to="/genre/80"
    >
      <p
        className="genre-p"
      >
        Crime
      </p>
    </Link>
    <Link
      key="99"
      to="/genre/99"
    >
      <p
        className="genre-p"
      >
        Documentary
      </p>
    </Link>
    <Link
      key="18"
      to="/genre/18"
    >
      <p
        className="genre-p"
      >
        Drama
      </p>
    </Link>
    <Link
      key="10751"
      to="/genre/10751"
    >
      <p
        className="genre-p"
      >
        Family
      </p>
    </Link>
    <Link
      key="14"
      to="/genre/14"
    >
      <p
        className="genre-p"
      >
        Fantasy
      </p>
    </Link>
    <Link
      key="36"
      to="/genre/36"
    >
      <p
        className="genre-p"
      >
        History
      </p>
    </Link>
    <Link
      key="27"
      to="/genre/27"
    >
      <p
        className="genre-p"
      >
        Horror
      </p>
    </Link>
    <Link
      key="10402"
      to="/genre/10402"
    >
      <p
        className="genre-p"
      >
        Music
      </p>
    </Link>
    <Link
      key="9648"
      to="/genre/9648"
    >
      <p
        className="genre-p"
      >
        Mystery
      </p>
    </Link>
    <Link
      key="10749"
      to="/genre/10749"
    >
      <p
        className="genre-p"
      >
        Romance
      </p>
    </Link>
    <Link
      key="878"
      to="/genre/878"
    >
      <p
        className="genre-p"
      >
        Science Fiction
      </p>
    </Link>
    <Link
      key="10770"
      to="/genre/10770"
    >
      <p
        className="genre-p"
      >
        TV Movie
      </p>
    </Link>
    <Link
      key="53"
      to="/genre/53"
    >
      <p
        className="genre-p"
      >
        Thriller
      </p>
    </Link>
    <Link
      key="10752"
      to="/genre/10752"
    >
      <p
        className="genre-p"
      >
        War
      </p>
    </Link>
    <Link
      key="37"
      to="/genre/37"
    >
      <p
        className="genre-p"
      >
        Western
      </p>
    </Link>
  </div>
</div>
`;
